[0.009s] Invoking command in '/home/dolganin/ros2_ws/sbespalov/build/sbespalov': /usr/bin/cmake /home/dolganin/ros2_ws/sbespalov -DCMAKE_INSTALL_PREFIX=/home/dolganin/ros2_ws/sbespalov/install/sbespalov
[0.199s] -- The C compiler identification is GNU 11.4.0
[0.989s] -- The CXX compiler identification is GNU 11.4.0
[1.639s] -- Detecting C compiler ABI info
[1.830s] -- Detecting C compiler ABI info - done
[1.835s] -- Check for working C compiler: /usr/bin/cc - skipped
[1.835s] -- Detecting C compile features
[1.835s] -- Detecting C compile features - done
[1.837s] -- Detecting CXX compiler ABI info
[2.019s] -- Detecting CXX compiler ABI info - done
[2.024s] -- Check for working CXX compiler: /usr/bin/c++ - skipped
[2.024s] -- Detecting CXX compile features
[2.024s] -- Detecting CXX compile features - done
[2.026s] -- Found ament_cmake: 1.3.5 (/opt/ros/humble/share/ament_cmake/cmake)
[2.131s] -- Found Python3: /usr/bin/python3.10 (found version "3.10.12") found components: Interpreter 
[2.184s] -- Found ament_lint_auto: 0.12.7 (/opt/ros/humble/share/ament_lint_auto/cmake)
[2.217s] Error parsing '/home/dolganin/ros2_ws/sbespalov/package.xml':
[2.257s] Traceback (most recent call last):
[2.257s]   File "/usr/lib/python3/dist-packages/catkin_pkg/package.py", line 610, in parse_package_string
[2.257s]     root = dom.parseString(data)
[2.257s]   File "/usr/lib/python3.10/xml/dom/minidom.py", line 2000, in parseString
[2.258s]     return expatbuilder.parseString(string)
[2.258s]   File "/usr/lib/python3.10/xml/dom/expatbuilder.py", line 925, in parseString
[2.259s]     return builder.parseString(string)
[2.259s]   File "/usr/lib/python3.10/xml/dom/expatbuilder.py", line 223, in parseString
[2.259s]     parser.Parse(string, True)
[2.259s] xml.parsers.expat.ExpatError: mismatched tag: line 21, column 2
[2.259s] 
[2.259s] During handling of the above exception, another exception occurred:
[2.259s] 
[2.259s] Traceback (most recent call last):
[2.259s]   File "/opt/ros/humble/share/ament_cmake_core/cmake/core/package_xml_2_cmake.py", line 150, in <module>
[2.259s]     main()
[2.259s]   File "/opt/ros/humble/share/ament_cmake_core/cmake/core/package_xml_2_cmake.py", line 53, in main
[2.260s]     raise e
[2.260s]   File "/opt/ros/humble/share/ament_cmake_core/cmake/core/package_xml_2_cmake.py", line 49, in main
[2.260s]     package = parse_package_string(
[2.260s]   File "/usr/lib/python3/dist-packages/catkin_pkg/package.py", line 612, in parse_package_string
[2.260s]     raise InvalidPackage('The manifest contains invalid XML:\n%s' % ex, filename)
[2.260s] catkin_pkg.package.InvalidPackage: Error(s) in package '/home/dolganin/ros2_ws/sbespalov/package.xml':
[2.260s] The manifest contains invalid XML:
[2.260s] mismatched tag: line 21, column 2
[2.269s] [31mCMake Error at /opt/ros/humble/share/ament_cmake_core/cmake/core/ament_package_xml.cmake:95 (message):
[2.269s]   execute_process(/usr/bin/python3.10
[2.269s]   /opt/ros/humble/share/ament_cmake_core/cmake/core/package_xml_2_cmake.py
[2.270s]   /home/dolganin/ros2_ws/sbespalov/package.xml
[2.270s]   /home/dolganin/ros2_ws/sbespalov/build/sbespalov/ament_cmake_core/package.cmake)
[2.270s]   returned error code 1
[2.270s] Call Stack (most recent call first):
[2.270s]   /opt/ros/humble/share/ament_cmake_core/cmake/core/ament_package_xml.cmake:49 (_ament_package_xml)
[2.270s]   /opt/ros/humble/share/ament_lint_auto/cmake/ament_lint_auto_find_test_dependencies.cmake:31 (ament_package_xml)
[2.270s]   CMakeLists.txt:32 (ament_lint_auto_find_test_dependencies)
[2.270s] 
[2.270s] [0m
[2.270s] -- Configuring incomplete, errors occurred!
[2.270s] See also "/home/dolganin/ros2_ws/sbespalov/build/sbespalov/CMakeFiles/CMakeOutput.log".
[2.273s] Invoked command in '/home/dolganin/ros2_ws/sbespalov/build/sbespalov' returned '1': /usr/bin/cmake /home/dolganin/ros2_ws/sbespalov -DCMAKE_INSTALL_PREFIX=/home/dolganin/ros2_ws/sbespalov/install/sbespalov
