[0.000000] (-) TimerEvent: {}
[0.001350] (sbespalov) JobQueued: {'identifier': 'sbespalov', 'dependencies': OrderedDict()}
[0.001403] (sbespalov) JobStarted: {'identifier': 'sbespalov'}
[0.008322] (sbespalov) JobProgress: {'identifier': 'sbespalov', 'progress': 'cmake'}
[0.008712] (sbespalov) Command: {'cmd': ['/usr/bin/cmake', '/home/dolganin/ros2_ws/sbespalov', '-DCMAKE_INSTALL_PREFIX=/home/dolganin/ros2_ws/sbespalov/install/sbespalov'], 'cwd': '/home/dolganin/ros2_ws/sbespalov/build/sbespalov', 'env': OrderedDict([('LESSOPEN', '| /usr/bin/lesspipe %s'), ('USER', 'dolganin'), ('SHLVL', '1'), ('LD_LIBRARY_PATH', '/opt/ros/humble/opt/rviz_ogre_vendor/lib:/opt/ros/humble/lib/x86_64-linux-gnu:/opt/ros/humble/lib'), ('HOME', '/home/dolganin'), ('OLDPWD', '/home/dolganin/ros2_ws'), ('ROS_PYTHON_VERSION', '3'), ('DBUS_SESSION_BUS_ADDRESS', 'unix:path=/run/user/1000/bus'), ('WSL_DISTRO_NAME', 'Ubuntu'), ('_colcon_cd_root', '/opt/ros/humble/'), ('WAYLAND_DISPLAY', 'wayland-0'), ('COLCON_PREFIX_PATH', '/home/dolganin/ros2_ws/install'), ('ROS_DISTRO', 'humble'), ('LOGNAME', 'dolganin'), ('NAME', 'WIN-UJ5MG48JM9D'), ('WSL_INTEROP', '/run/WSL/1064_interop'), ('PULSE_SERVER', 'unix:/mnt/wslg/PulseServer'), ('_', '/usr/bin/colcon'), ('ROS_VERSION', '2'), ('TERM', 'xterm-256color'), ('ROS_LOCALHOST_ONLY', '0'), ('PATH', '/home/dolganin/.local/bin:/opt/ros/humble/bin:/usr/local/sbin:/usr/local/bin:/usr/sbin:/usr/bin:/sbin:/bin:/usr/games:/usr/local/games:/usr/lib/wsl/lib:/mnt/c/Program Files (x86)/Common Files/Oracle/Java/javapath:/mnt/c/Program Files/NVIDIA GPU Computing Toolkit/CUDA/v12.0/bin:/mnt/c/Program Files/NVIDIA GPU Computing Toolkit/CUDA/v12.0/libnvvp:/mnt/c/Users/User/gcc/bin:/mnt/c/Users/User/gcc/libexec/gcc/x86_64-w64-mingw32/10.3.0:/mnt/c/Windows/system32:/mnt/c/Windows:/mnt/c/Windows/System32/Wbem:/mnt/c/Windows/System32/WindowsPowerShell/v1.0/:/mnt/c/Windows/System32/OpenSSH/:/mnt/c/Users/User/Desktop/tcc-0.9.24:/mnt/c/Program Files/NVIDIA Corporation/Nsight Compute 2022.4.1/:/mnt/c/Program Files (x86)/NVIDIA Corporation/PhysX/Common:/mnt/c/Program Files/Git/cmd:/mnt/c/Program Files/dotnet/:/mnt/c/Program Files/MATLAB/R2023a/runtime/win64:/mnt/c/Program Files/MATLAB/R2023a/bin:/mnt/c/Users/User/AppData/Local/Programs/Python/Python310/Scripts/:/mnt/c/Users/User/AppData/Local/Programs/Python/Python310/:/mnt/c/Users/User/AppData/Local/Microsoft/WindowsApps:/mnt/c/Users/User/AppData/Local/Programs/Microsoft VS Code/bin:/mnt/c/Program Files/JetBrains/PyCharm Community Edition 2022.3.2/bin:/mnt/c/Users/User/.dotnet/tools:/snap/bin'), ('XDG_RUNTIME_DIR', '/run/user/1000/'), ('DISPLAY', ':0'), ('LANG', 'en_US.UTF-8'), ('LS_COLORS', 'rs=0:di=01;34:ln=01;36:mh=00:pi=40;33:so=01;35:do=01;35:bd=40;33;01:cd=40;33;01:or=40;31;01:mi=00:su=37;41:sg=30;43:ca=30;41:tw=30;42:ow=34;42:st=37;44:ex=01;32:*.tar=01;31:*.tgz=01;31:*.arc=01;31:*.arj=01;31:*.taz=01;31:*.lha=01;31:*.lz4=01;31:*.lzh=01;31:*.lzma=01;31:*.tlz=01;31:*.txz=01;31:*.tzo=01;31:*.t7z=01;31:*.zip=01;31:*.z=01;31:*.dz=01;31:*.gz=01;31:*.lrz=01;31:*.lz=01;31:*.lzo=01;31:*.xz=01;31:*.zst=01;31:*.tzst=01;31:*.bz2=01;31:*.bz=01;31:*.tbz=01;31:*.tbz2=01;31:*.tz=01;31:*.deb=01;31:*.rpm=01;31:*.jar=01;31:*.war=01;31:*.ear=01;31:*.sar=01;31:*.rar=01;31:*.alz=01;31:*.ace=01;31:*.zoo=01;31:*.cpio=01;31:*.7z=01;31:*.rz=01;31:*.cab=01;31:*.wim=01;31:*.swm=01;31:*.dwm=01;31:*.esd=01;31:*.jpg=01;35:*.jpeg=01;35:*.mjpg=01;35:*.mjpeg=01;35:*.gif=01;35:*.bmp=01;35:*.pbm=01;35:*.pgm=01;35:*.ppm=01;35:*.tga=01;35:*.xbm=01;35:*.xpm=01;35:*.tif=01;35:*.tiff=01;35:*.png=01;35:*.svg=01;35:*.svgz=01;35:*.mng=01;35:*.pcx=01;35:*.mov=01;35:*.mpg=01;35:*.mpeg=01;35:*.m2v=01;35:*.mkv=01;35:*.webm=01;35:*.webp=01;35:*.ogm=01;35:*.mp4=01;35:*.m4v=01;35:*.mp4v=01;35:*.vob=01;35:*.qt=01;35:*.nuv=01;35:*.wmv=01;35:*.asf=01;35:*.rm=01;35:*.rmvb=01;35:*.flc=01;35:*.avi=01;35:*.fli=01;35:*.flv=01;35:*.gl=01;35:*.dl=01;35:*.xcf=01;35:*.xwd=01;35:*.yuv=01;35:*.cgm=01;35:*.emf=01;35:*.ogv=01;35:*.ogx=01;35:*.aac=00;36:*.au=00;36:*.flac=00;36:*.m4a=00;36:*.mid=00;36:*.midi=00;36:*.mka=00;36:*.mp3=00;36:*.mpc=00;36:*.ogg=00;36:*.ra=00;36:*.wav=00;36:*.oga=00;36:*.opus=00;36:*.spx=00;36:*.xspf=00;36:'), ('AMENT_PREFIX_PATH', '/home/dolganin/ros2_ws/install/sbespalov:/opt/ros/humble'), ('SHELL', '/bin/bash'), ('LESSCLOSE', '/usr/bin/lesspipe %s %s'), ('PWD', '/home/dolganin/ros2_ws/sbespalov/build/sbespalov'), ('XDG_DATA_DIRS', '/usr/local/share:/usr/share:/var/lib/snapd/desktop'), ('PYTHONPATH', '/opt/ros/humble/lib/python3.10/site-packages:/opt/ros/humble/local/lib/python3.10/dist-packages'), ('COLCON', '1'), ('WSL2_GUI_APPS_ENABLED', '1'), ('HOSTTYPE', 'x86_64'), ('CMAKE_PREFIX_PATH', '/home/dolganin/ros2_ws/install/sbespalov'), ('WSLENV', '')]), 'shell': False}
[0.100029] (-) TimerEvent: {}
[0.200500] (sbespalov) StdoutLine: {'line': b'-- The C compiler identification is GNU 11.4.0\n'}
[0.200717] (-) TimerEvent: {}
[0.301036] (-) TimerEvent: {}
[0.401486] (-) TimerEvent: {}
[0.501967] (-) TimerEvent: {}
[0.602353] (-) TimerEvent: {}
[0.702783] (-) TimerEvent: {}
[0.803202] (-) TimerEvent: {}
[0.903607] (-) TimerEvent: {}
[0.990144] (sbespalov) StdoutLine: {'line': b'-- The CXX compiler identification is GNU 11.4.0\n'}
[1.003710] (-) TimerEvent: {}
[1.104098] (-) TimerEvent: {}
[1.204497] (-) TimerEvent: {}
[1.304908] (-) TimerEvent: {}
[1.405315] (-) TimerEvent: {}
[1.505720] (-) TimerEvent: {}
[1.606106] (-) TimerEvent: {}
[1.640014] (sbespalov) StdoutLine: {'line': b'-- Detecting C compiler ABI info\n'}
[1.706244] (-) TimerEvent: {}
[1.806673] (-) TimerEvent: {}
[1.830958] (sbespalov) StdoutLine: {'line': b'-- Detecting C compiler ABI info - done\n'}
[1.835997] (sbespalov) StdoutLine: {'line': b'-- Check for working C compiler: /usr/bin/cc - skipped\n'}
[1.836164] (sbespalov) StdoutLine: {'line': b'-- Detecting C compile features\n'}
[1.836436] (sbespalov) StdoutLine: {'line': b'-- Detecting C compile features - done\n'}
[1.838420] (sbespalov) StdoutLine: {'line': b'-- Detecting CXX compiler ABI info\n'}
[1.906802] (-) TimerEvent: {}
[2.007235] (-) TimerEvent: {}
[2.020172] (sbespalov) StdoutLine: {'line': b'-- Detecting CXX compiler ABI info - done\n'}
[2.025258] (sbespalov) StdoutLine: {'line': b'-- Check for working CXX compiler: /usr/bin/c++ - skipped\n'}
[2.025470] (sbespalov) StdoutLine: {'line': b'-- Detecting CXX compile features\n'}
[2.025797] (sbespalov) StdoutLine: {'line': b'-- Detecting CXX compile features - done\n'}
[2.027331] (sbespalov) StdoutLine: {'line': b'-- Found ament_cmake: 1.3.5 (/opt/ros/humble/share/ament_cmake/cmake)\n'}
[2.107378] (-) TimerEvent: {}
[2.132675] (sbespalov) StdoutLine: {'line': b'-- Found Python3: /usr/bin/python3.10 (found version "3.10.12") found components: Interpreter \n'}
[2.185744] (sbespalov) StdoutLine: {'line': b'-- Found ament_lint_auto: 0.12.7 (/opt/ros/humble/share/ament_lint_auto/cmake)\n'}
[2.207510] (-) TimerEvent: {}
[2.217907] (sbespalov) StderrLine: {'line': b"Error parsing '/home/dolganin/ros2_ws/sbespalov/package.xml':\n"}
[2.257888] (sbespalov) StderrLine: {'line': b'Traceback (most recent call last):\n'}
[2.258046] (sbespalov) StderrLine: {'line': b'  File "/usr/lib/python3/dist-packages/catkin_pkg/package.py", line 610, in parse_package_string\n'}
[2.258496] (sbespalov) StderrLine: {'line': b'    root = dom.parseString(data)\n'}
[2.258568] (sbespalov) StderrLine: {'line': b'  File "/usr/lib/python3.10/xml/dom/minidom.py", line 2000, in parseString\n'}
[2.259314] (sbespalov) StderrLine: {'line': b'    return expatbuilder.parseString(string)\n'}
[2.259383] (sbespalov) StderrLine: {'line': b'  File "/usr/lib/python3.10/xml/dom/expatbuilder.py", line 925, in parseString\n'}
[2.259990] (sbespalov) StderrLine: {'line': b'    return builder.parseString(string)\n'}
[2.260235] (sbespalov) StderrLine: {'line': b'  File "/usr/lib/python3.10/xml/dom/expatbuilder.py", line 223, in parseString\n'}
[2.260322] (sbespalov) StderrLine: {'line': b'    parser.Parse(string, True)\n'}
[2.260412] (sbespalov) StderrLine: {'line': b'xml.parsers.expat.ExpatError: mismatched tag: line 21, column 2\n'}
[2.260521] (sbespalov) StderrLine: {'line': b'\n'}
[2.260611] (sbespalov) StderrLine: {'line': b'During handling of the above exception, another exception occurred:\n'}
[2.260725] (sbespalov) StderrLine: {'line': b'\n'}
[2.260769] (sbespalov) StderrLine: {'line': b'Traceback (most recent call last):\n'}
[2.260808] (sbespalov) StderrLine: {'line': b'  File "/opt/ros/humble/share/ament_cmake_core/cmake/core/package_xml_2_cmake.py", line 150, in <module>\n'}
[2.260846] (sbespalov) StderrLine: {'line': b'    main()\n'}
[2.260881] (sbespalov) StderrLine: {'line': b'  File "/opt/ros/humble/share/ament_cmake_core/cmake/core/package_xml_2_cmake.py", line 53, in main\n'}
[2.260917] (sbespalov) StderrLine: {'line': b'    raise e\n'}
[2.260954] (sbespalov) StderrLine: {'line': b'  File "/opt/ros/humble/share/ament_cmake_core/cmake/core/package_xml_2_cmake.py", line 49, in main\n'}
[2.260990] (sbespalov) StderrLine: {'line': b'    package = parse_package_string(\n'}
[2.261025] (sbespalov) StderrLine: {'line': b'  File "/usr/lib/python3/dist-packages/catkin_pkg/package.py", line 612, in parse_package_string\n'}
[2.261060] (sbespalov) StderrLine: {'line': b"    raise InvalidPackage('The manifest contains invalid XML:\\n%s' % ex, filename)\n"}
[2.261096] (sbespalov) StderrLine: {'line': b"catkin_pkg.package.InvalidPackage: Error(s) in package '/home/dolganin/ros2_ws/sbespalov/package.xml':\n"}
[2.261131] (sbespalov) StderrLine: {'line': b'The manifest contains invalid XML:\n'}
[2.261177] (sbespalov) StderrLine: {'line': b'mismatched tag: line 21, column 2\n'}
[2.270286] (sbespalov) StderrLine: {'line': b'\x1b[31mCMake Error at /opt/ros/humble/share/ament_cmake_core/cmake/core/ament_package_xml.cmake:95 (message):\n'}
[2.270643] (sbespalov) StderrLine: {'line': b'  execute_process(/usr/bin/python3.10\n'}
[2.270752] (sbespalov) StderrLine: {'line': b'  /opt/ros/humble/share/ament_cmake_core/cmake/core/package_xml_2_cmake.py\n'}
[2.270848] (sbespalov) StderrLine: {'line': b'  /home/dolganin/ros2_ws/sbespalov/package.xml\n'}
[2.270958] (sbespalov) StderrLine: {'line': b'  /home/dolganin/ros2_ws/sbespalov/build/sbespalov/ament_cmake_core/package.cmake)\n'}
[2.271044] (sbespalov) StderrLine: {'line': b'  returned error code 1\n'}
[2.271126] (sbespalov) StderrLine: {'line': b'Call Stack (most recent call first):\n'}
[2.271204] (sbespalov) StderrLine: {'line': b'  /opt/ros/humble/share/ament_cmake_core/cmake/core/ament_package_xml.cmake:49 (_ament_package_xml)\n'}
[2.271332] (sbespalov) StderrLine: {'line': b'  /opt/ros/humble/share/ament_lint_auto/cmake/ament_lint_auto_find_test_dependencies.cmake:31 (ament_package_xml)\n'}
[2.271425] (sbespalov) StderrLine: {'line': b'  CMakeLists.txt:32 (ament_lint_auto_find_test_dependencies)\n'}
[2.271475] (sbespalov) StderrLine: {'line': b'\n'}
[2.271510] (sbespalov) StderrLine: {'line': b'\x1b[0m\n'}
[2.271545] (sbespalov) StdoutLine: {'line': b'-- Configuring incomplete, errors occurred!\n'}
[2.271586] (sbespalov) StdoutLine: {'line': b'See also "/home/dolganin/ros2_ws/sbespalov/build/sbespalov/CMakeFiles/CMakeOutput.log".\n'}
[2.274558] (sbespalov) CommandEnded: {'returncode': 1}
[2.275080] (sbespalov) JobEnded: {'identifier': 'sbespalov', 'rc': 1}
[2.285749] (-) EventReactorShutdown: {}
